[Nest] 11372  - 2026/08/13 20:12:20     LOG [NestFactory] Starting Nest application...
[Nest] 11372  - 2026/08/13 20:12:20     LOG [InstanceLoader] AppModule dependencies initialized +7ms
[Nest] 11372  - 2026/08/13 20:12:20     LOG [InstanceLoader] DatabaseRootModule dependencies initialized +0ms
[Nest] 11372  - 2026/08/13 20:12:20     LOG [InstanceLoader] SqliteDatabaseModule dependencies initialized +0ms
[Nest] 11372  - 2026/08/13 20:12:20     LOG [InstanceLoader] ViewModule dependencies initialized +1ms
[Nest] 11372  - 2026/08/13 20:12:20     LOG [InstanceLoader] TrainingOrderModule dependencies initialized +1ms
[Nest] 11372  - 2026/08/13 20:12:20     LOG [InstanceLoader] UserModule dependencies initialized +0ms
[Nest] 11372  - 2026/08/13 20:12:20     LOG [Bootstrap] 静态文件目录: D:\29239\ForWork\app\app_17btu6ueem0\dist\client
[Nest] 11372  - 2026/08/13 20:12:20     LOG [RoutesResolver] TrainingOrderController {/api/training-orders}: +1ms
[Nest] 11372  - 2026/08/13 20:12:20     LOG [RouterExplorer] Mapped {/api/training-orders, POST} route +2ms
[Nest] 11372  - 2026/08/13 20:12:20     LOG [RouterExplorer] Mapped {/api/training-orders, GET} route +0ms
[Nest] 11372  - 2026/08/13 20:12:20     LOG [RouterExplorer] Mapped {/api/training-orders/export/all, GET} route +1ms
[Nest] 11372  - 2026/08/13 20:12:20     LOG [RouterExplorer] Mapped {/api/training-orders/stats, GET} route +0ms
[Nest] 11372  - 2026/08/13 20:12:20     LOG [RouterExplorer] Mapped {/api/training-orders/project-options, GET} route +0ms
[Nest] 11372  - 2026/08/13 20:12:20     LOG [RouterExplorer] Mapped {/api/training-orders/project-options, PUT} route +1ms
[Nest] 11372  - 2026/08/13 20:12:20     LOG [RouterExplorer] Mapped {/api/training-orders/:id, GET} route +0ms
[Nest] 11372  - 2026/08/13 20:12:20     LOG [RouterExplorer] Mapped {/api/training-orders/:id, PUT} route +0ms
[Nest] 11372  - 2026/08/13 20:12:20     LOG [RouterExplorer] Mapped {/api/training-orders/:id, DELETE} route +1ms
[Nest] 11372  - 2026/08/13 20:12:20     LOG [RoutesResolver] AdminAuthController {/api/admin}: +0ms
[Nest] 11372  - 2026/08/13 20:12:20     LOG [RouterExplorer] Mapped {/api/admin/login, POST} route +0ms
[Nest] 11372  - 2026/08/13 20:12:20     LOG [RoutesResolver] UserController {/api/auth}: +0ms
[Nest] 11372  - 2026/08/13 20:12:20     LOG [RouterExplorer] Mapped {/api/auth/register, POST} route +1ms
[Nest] 11372  - 2026/08/13 20:12:20     LOG [RouterExplorer] Mapped {/api/auth/login, POST} route +0ms
[Nest] 11372  - 2026/08/13 20:12:20     LOG [RouterExplorer] Mapped {/api/auth/reset-password, POST} route +0ms
[Nest] 11372  - 2026/08/13 20:12:20     LOG [RouterExplorer] Mapped {/api/auth/change-password, POST} route +1ms
[Nest] 11372  - 2026/08/13 20:12:20     LOG [RouterExplorer] Mapped {/api/auth/me, GET} route +0ms
[Nest] 11372  - 2026/08/13 20:12:20     LOG [RoutesResolver] UserManageController {/api/users}: +0ms
[Nest] 11372  - 2026/08/13 20:12:20     LOG [RouterExplorer] Mapped {/api/users, GET} route +0ms
[Nest] 11372  - 2026/08/13 20:12:20     LOG [RouterExplorer] Mapped {/api/users, POST} route +1ms
[Nest] 11372  - 2026/08/13 20:12:20     LOG [RouterExplorer] Mapped {/api/users/:id/status, PUT} route +0ms
[Nest] 11372  - 2026/08/13 20:12:20     LOG [RoutesResolver] StaffController {/api/staff}: +0ms
[Nest] 11372  - 2026/08/13 20:12:20     LOG [RouterExplorer] Mapped {/api/staff, GET} route +0ms
[Nest] 11372  - 2026/08/13 20:12:20     LOG [RoutesResolver] ViewController {/}: +0ms
[Nest] 11372  - 2026/08/13 20:12:20     LOG [RouterExplorer] Mapped {/, GET} route +1ms
[Nest] 11372  - 2026/08/13 20:12:20     LOG [RouterExplorer] Mapped {/*, GET} route +0ms
[Nest] 11372  - 2026/08/13 20:12:20     LOG [NestApplication] Nest application successfully started +1ms
[Nest] 11372  - 2026/08/13 20:12:20     LOG [Bootstrap] Server running on 0.0.0.0:3000
[Nest] 11372  - 2026/08/13 20:12:20     LOG [Bootstrap] 订单填写: http://localhost:3000
[Nest] 11372  - 2026/08/13 20:12:20     LOG [Bootstrap] 管理后台: http://localhost:3000/admin/login
